[ 2026-04-28 00:07:12,069 ] 19 root - INFO - Pipeline started
[ 2026-04-28 00:07:12,069 ] 14 root - INFO - Starting Spark Session
[ 2026-04-28 00:07:22,774 ] 25 root - INFO - Spark Session started successfully
[ 2026-04-28 00:07:22,774 ] 37 root - INFO - Loading data from path: C:\Users\Priyanshu\Desktop\Main\ML\Distributed-Log-Analysis\data\raw\HDFS.log
[ 2026-04-28 00:07:26,139 ] 41 root - INFO - Data loaded successfully
[ 2026-04-28 00:07:26,139 ] 18 root - INFO - Starting log parsing
[ 2026-04-28 00:07:26,350 ] 29 root - INFO - Log parsing completed successfully
[ 2026-04-28 00:07:26,350 ] 17 root - INFO - Starting data transformation
[ 2026-04-28 00:07:26,602 ] 45 root - INFO - Data transformation completed successfully
[ 2026-04-28 00:07:26,603 ] 14 root - INFO - Computing log level distribution
[ 2026-04-28 00:07:26,837 ] 25 root - INFO - Computing top components by log volume
[ 2026-04-28 00:07:26,879 ] 36 root - INFO - Computing components generating WARN logs
[ 2026-04-28 00:07:26,938 ] 49 root - INFO - Performing hourly log analysis
[ 2026-04-28 00:07:27,021 ] 101 root - INFO - Computing failure risk based on WARN thresholds
[ 2026-04-28 00:07:27,148 ] 121 root - INFO - Classifying component risk levels
[ 2026-04-28 00:07:27,226 ] 32 root - INFO - Preparing window-based features
[ 2026-04-28 00:10:30,464 ] 44 root - INFO - Prepared 39 feature rows
[ 2026-04-28 00:10:30,469 ] 60 root - INFO - Train size: 27, Test size: 12
[ 2026-04-28 00:10:30,469 ] 72 root - INFO - Training Isolation Forest
[ 2026-04-28 00:10:30,786 ] 87 root - INFO - Model trained successfully
[ 2026-04-28 00:10:30,787 ] 97 root - INFO - Predicting anomalies on test data
[ 2026-04-28 00:10:30,806 ] 125 root - INFO - Evaluating model
[ 2026-04-28 00:10:30,813 ] 151 root - INFO - Visualizing anomalies with scores
[ 2026-04-28 00:10:30,895 ] 197 root - INFO - Explaining anomalies
[ 2026-04-28 00:10:30,919 ] 234 root - INFO - Visualizing feature contribution
[ 2026-04-28 00:14:21,876 ] 25 root - INFO - Computing top components by log volume
[ 2026-04-28 00:18:19,267 ] 36 root - INFO - Computing components generating WARN logs
[ 2026-04-28 00:21:14,761 ] 543 py4j.clientserver - INFO - Closing down clientserver connection
