[ 2026-04-28 01:30:24,397 ] 19 root - INFO - Pipeline started
[ 2026-04-28 01:30:24,398 ] 14 root - INFO - Starting Spark Session
[ 2026-04-28 01:30:34,462 ] 25 root - INFO - Spark Session started successfully
[ 2026-04-28 01:30:34,462 ] 37 root - INFO - Loading data from path: C:\Users\Priyanshu\Desktop\Main\ML\Distributed-Log-Analysis\data\raw\HDFS.log
[ 2026-04-28 01:30:38,113 ] 41 root - INFO - Data loaded successfully
[ 2026-04-28 01:30:38,113 ] 18 root - INFO - Starting log parsing
[ 2026-04-28 01:30:38,253 ] 29 root - INFO - Log parsing completed successfully
[ 2026-04-28 01:30:38,253 ] 17 root - INFO - Starting data transformation
[ 2026-04-28 01:30:38,437 ] 45 root - INFO - Data transformation completed successfully
[ 2026-04-28 01:30:38,438 ] 15 root - INFO - Computing log level distribution
[ 2026-04-28 01:30:38,509 ] 26 root - INFO - Computing top components by log volume
[ 2026-04-28 01:30:38,542 ] 37 root - INFO - Computing components generating WARN logs
[ 2026-04-28 01:30:38,585 ] 50 root - INFO - Performing hourly log analysis
[ 2026-04-28 01:30:38,635 ] 102 root - INFO - Computing failure risk based on WARN thresholds
[ 2026-04-28 01:30:38,729 ] 122 root - INFO - Classifying component risk levels
[ 2026-04-28 01:30:38,798 ] 33 root - INFO - Preparing window-based features
[ 2026-04-28 01:33:47,208 ] 45 root - INFO - Prepared 39 feature rows
[ 2026-04-28 01:33:47,214 ] 61 root - INFO - Train size: 27, Test size: 12
[ 2026-04-28 01:33:47,214 ] 73 root - INFO - Training Isolation Forest
[ 2026-04-28 01:33:47,541 ] 88 root - INFO - Model trained successfully
[ 2026-04-28 01:33:47,541 ] 98 root - INFO - Predicting anomalies on test data
[ 2026-04-28 01:33:47,560 ] 126 root - INFO - Evaluating model
[ 2026-04-28 01:33:47,566 ] 152 root - INFO - Visualizing anomalies with scores
[ 2026-04-28 01:33:47,974 ] 202 root - INFO - Explaining anomalies
[ 2026-04-28 01:33:47,998 ] 239 root - INFO - Visualizing feature contribution
[ 2026-04-28 01:38:18,166 ] 26 root - INFO - Computing top components by log volume
[ 2026-04-28 01:43:31,791 ] 37 root - INFO - Computing components generating WARN logs
[ 2026-04-28 01:46:51,591 ] 543 py4j.clientserver - INFO - Closing down clientserver connection
