[ 2026-04-28 16:18:30,235 ] 19 root - INFO - Pipeline started
[ 2026-04-28 16:18:30,235 ] 14 root - INFO - Starting Spark Session
[ 2026-04-28 16:18:38,211 ] 25 root - INFO - Spark Session started successfully
[ 2026-04-28 16:18:38,211 ] 37 root - INFO - Loading data from path: C:\Users\Priyanshu\Desktop\Main\ML\Distributed-Log-Analysis\data\raw\HDFS.log
[ 2026-04-28 16:18:43,451 ] 41 root - INFO - Data loaded successfully
[ 2026-04-28 16:18:43,451 ] 18 root - INFO - Starting log parsing
[ 2026-04-28 16:18:43,729 ] 29 root - INFO - Log parsing completed successfully
[ 2026-04-28 16:18:43,729 ] 17 root - INFO - Starting data transformation
[ 2026-04-28 16:18:44,101 ] 45 root - INFO - Data transformation completed successfully
[ 2026-04-28 16:18:44,104 ] 15 root - INFO - Computing log level distribution
[ 2026-04-28 16:18:44,295 ] 26 root - INFO - Computing top components by log volume
[ 2026-04-28 16:18:44,359 ] 37 root - INFO - Computing components generating WARN logs
[ 2026-04-28 16:18:44,449 ] 50 root - INFO - Performing hourly log analysis
[ 2026-04-28 16:18:44,559 ] 102 root - INFO - Computing failure risk based on WARN thresholds
[ 2026-04-28 16:18:44,737 ] 122 root - INFO - Classifying component risk levels
[ 2026-04-28 16:18:44,894 ] 35 root - INFO - Preparing window-based features
[ 2026-04-28 16:24:14,420 ] 47 root - INFO - Prepared 2322 feature rows
[ 2026-04-28 16:24:14,448 ] 63 root - INFO - Train size: 1625, Test size: 697
[ 2026-04-28 16:24:14,448 ] 75 root - INFO - Training Isolation Forest
[ 2026-04-28 16:24:15,051 ] 90 root - INFO - Model trained successfully
[ 2026-04-28 16:24:15,053 ] 100 root - INFO - Predicting anomalies on test data
[ 2026-04-28 16:24:15,087 ] 133 root - INFO - Evaluating model
[ 2026-04-28 16:24:15,094 ] 159 root - INFO - Visualizing anomalies with scores
[ 2026-04-28 16:24:15,841 ] 209 root - INFO - Explaining anomalies
[ 2026-04-28 16:24:15,923 ] 246 root - INFO - Visualizing feature contribution
[ 2026-04-28 16:27:49,722 ] 26 root - INFO - Computing top components by log volume
[ 2026-04-28 16:31:30,035 ] 37 root - INFO - Computing components generating WARN logs
[ 2026-04-28 16:34:23,078 ] 543 py4j.clientserver - INFO - Closing down clientserver connection
