[ 2026-04-28 18:11:57,427 ] 19 root - INFO - Pipeline started
[ 2026-04-28 18:11:57,427 ] 14 root - INFO - Starting Spark Session
[ 2026-04-28 18:12:05,607 ] 25 root - INFO - Spark Session started successfully
[ 2026-04-28 18:12:05,607 ] 37 root - INFO - Loading data from path: C:\Users\Priyanshu\Desktop\Main\ML\Distributed-Log-Analysis\data\raw\HDFS.log
[ 2026-04-28 18:12:07,750 ] 41 root - INFO - Data loaded successfully
[ 2026-04-28 18:12:07,750 ] 18 root - INFO - Starting log parsing
[ 2026-04-28 18:12:07,864 ] 29 root - INFO - Log parsing completed successfully
[ 2026-04-28 18:12:07,864 ] 17 root - INFO - Starting data transformation
[ 2026-04-28 18:12:07,983 ] 45 root - INFO - Data transformation completed successfully
[ 2026-04-28 18:12:07,984 ] 15 root - INFO - Computing log level distribution
[ 2026-04-28 18:12:08,038 ] 26 root - INFO - Computing top components by log volume
[ 2026-04-28 18:12:08,063 ] 37 root - INFO - Computing components generating WARN logs
[ 2026-04-28 18:12:08,092 ] 50 root - INFO - Performing hourly log analysis
[ 2026-04-28 18:12:08,134 ] 102 root - INFO - Computing failure risk based on WARN thresholds
[ 2026-04-28 18:12:08,200 ] 122 root - INFO - Classifying component risk levels
[ 2026-04-28 18:12:08,247 ] 35 root - INFO - Preparing window-based features
[ 2026-04-28 18:14:24,407 ] 47 root - INFO - Prepared 2322 feature rows
[ 2026-04-28 18:14:24,412 ] 63 root - INFO - Train size: 1625, Test size: 697
[ 2026-04-28 18:14:24,412 ] 75 root - INFO - Training Isolation Forest
[ 2026-04-28 18:14:24,652 ] 90 root - INFO - Model trained successfully
[ 2026-04-28 18:14:24,652 ] 100 root - INFO - Predicting anomalies on test data
[ 2026-04-28 18:14:24,668 ] 133 root - INFO - Evaluating model
[ 2026-04-28 18:14:24,677 ] 159 root - INFO - Visualizing anomalies with scores
[ 2026-04-28 18:14:26,574 ] 209 root - INFO - Explaining anomalies
[ 2026-04-28 18:14:26,616 ] 246 root - INFO - Visualizing feature contribution
[ 2026-04-28 18:17:28,518 ] 26 root - INFO - Computing top components by log volume
[ 2026-04-28 18:21:14,046 ] 37 root - INFO - Computing components generating WARN logs
[ 2026-04-28 18:23:40,268 ] 543 py4j.clientserver - INFO - Closing down clientserver connection
