[ 2026-04-28 18:28:28,200 ] 19 root - INFO - Pipeline started
[ 2026-04-28 18:28:28,202 ] 14 root - INFO - Starting Spark Session
[ 2026-04-28 18:28:34,531 ] 25 root - INFO - Spark Session started successfully
[ 2026-04-28 18:28:34,531 ] 37 root - INFO - Loading data from path: C:\Users\Priyanshu\Desktop\Main\ML\Distributed-Log-Analysis\data\raw\HDFS.log
[ 2026-04-28 18:28:36,492 ] 41 root - INFO - Data loaded successfully
[ 2026-04-28 18:28:36,492 ] 18 root - INFO - Starting log parsing
[ 2026-04-28 18:28:36,612 ] 29 root - INFO - Log parsing completed successfully
[ 2026-04-28 18:28:36,613 ] 17 root - INFO - Starting data transformation
[ 2026-04-28 18:28:36,743 ] 45 root - INFO - Data transformation completed successfully
[ 2026-04-28 18:28:36,743 ] 15 root - INFO - Computing log level distribution
[ 2026-04-28 18:28:36,794 ] 26 root - INFO - Computing top components by log volume
[ 2026-04-28 18:28:36,813 ] 37 root - INFO - Computing components generating WARN logs
[ 2026-04-28 18:28:36,849 ] 50 root - INFO - Performing hourly log analysis
[ 2026-04-28 18:28:36,884 ] 102 root - INFO - Computing failure risk based on WARN thresholds
[ 2026-04-28 18:28:36,946 ] 122 root - INFO - Classifying component risk levels
[ 2026-04-28 18:28:36,975 ] 35 root - INFO - Preparing window-based features
[ 2026-04-28 18:31:03,042 ] 47 root - INFO - Prepared 2322 feature rows
[ 2026-04-28 18:31:03,048 ] 63 root - INFO - Train size: 1625, Test size: 697
[ 2026-04-28 18:31:03,048 ] 75 root - INFO - Training Isolation Forest
[ 2026-04-28 18:31:03,276 ] 90 root - INFO - Model trained successfully
[ 2026-04-28 18:31:03,276 ] 100 root - INFO - Predicting anomalies on test data
[ 2026-04-28 18:31:03,293 ] 133 root - INFO - Evaluating model
[ 2026-04-28 18:31:03,293 ] 159 root - INFO - Visualizing anomalies with scores
[ 2026-04-28 18:31:05,234 ] 209 root - INFO - Explaining anomalies
[ 2026-04-28 18:31:05,267 ] 246 root - INFO - Visualizing feature contribution
[ 2026-04-28 18:34:34,923 ] 26 root - INFO - Computing top components by log volume
[ 2026-04-28 18:39:06,547 ] 37 root - INFO - Computing components generating WARN logs
[ 2026-04-28 18:46:35,631 ] 543 py4j.clientserver - INFO - Closing down clientserver connection
