[ 2026-04-27 23:02:54,916 ] 19 root - INFO - Pipeline started
[ 2026-04-27 23:02:54,916 ] 14 root - INFO - Starting Spark Session
[ 2026-04-27 23:03:00,934 ] 25 root - INFO - Spark Session started successfully
[ 2026-04-27 23:03:00,935 ] 37 root - INFO - Loading data from path: C:\Users\Priyanshu\Desktop\Main\ML\Distributed-Log-Analysis\data\raw\HDFS.log
[ 2026-04-27 23:03:03,310 ] 41 root - INFO - Data loaded successfully
[ 2026-04-27 23:03:03,310 ] 18 root - INFO - Starting log parsing
[ 2026-04-27 23:03:03,453 ] 29 root - INFO - Log parsing completed successfully
[ 2026-04-27 23:03:03,454 ] 17 root - INFO - Starting data transformation
[ 2026-04-27 23:03:03,624 ] 45 root - INFO - Data transformation completed successfully
[ 2026-04-27 23:06:12,382 ] 14 root - INFO - Computing log level distribution
[ 2026-04-27 23:06:12,589 ] 25 root - INFO - Computing top components by log volume
[ 2026-04-27 23:06:12,642 ] 36 root - INFO - Computing components generating WARN logs
[ 2026-04-27 23:06:12,736 ] 49 root - INFO - Performing hourly log analysis
[ 2026-04-27 23:06:12,889 ] 101 root - INFO - Computing failure risk based on WARN thresholds
[ 2026-04-27 23:06:13,035 ] 121 root - INFO - Classifying component risk levels
[ 2026-04-27 23:06:13,151 ] 32 root - INFO - Preparing window-based features
[ 2026-04-27 23:06:30,851 ] 44 root - INFO - Prepared 39 feature rows
[ 2026-04-27 23:06:30,852 ] 60 root - INFO - Train size: 27, Test size: 12
[ 2026-04-27 23:06:30,852 ] 72 root - INFO - Training Isolation Forest
[ 2026-04-27 23:06:31,146 ] 87 root - INFO - Model trained successfully
[ 2026-04-27 23:06:31,147 ] 97 root - INFO - Predicting anomalies on test data
[ 2026-04-27 23:06:31,167 ] 125 root - INFO - Evaluating model
[ 2026-04-27 23:06:31,175 ] 151 root - INFO - Visualizing anomalies with scores
[ 2026-04-27 23:06:31,232 ] 197 root - INFO - Explaining anomalies
[ 2026-04-27 23:06:31,247 ] 234 root - INFO - Visualizing feature contribution
[ 2026-04-27 23:06:44,864 ] 25 root - INFO - Computing top components by log volume
[ 2026-04-27 23:06:53,557 ] 36 root - INFO - Computing components generating WARN logs
[ 2026-04-27 23:06:57,713 ] 543 py4j.clientserver - INFO - Closing down clientserver connection
