[ 2026-04-27 16:17:20,641 ] 19 root - INFO - Pipeline started
[ 2026-04-27 16:17:20,641 ] 14 root - INFO - Starting Spark Session
[ 2026-04-27 16:17:30,439 ] 25 root - INFO - Spark Session started successfully
[ 2026-04-27 16:17:30,439 ] 37 root - INFO - Loading data from path: C:\Users\Priyanshu\Desktop\Main\ML\Distributed-Log-Analysis\data\raw\HDFS.log
[ 2026-04-27 16:17:33,484 ] 41 root - INFO - Data loaded successfully
[ 2026-04-27 16:17:33,484 ] 18 root - INFO - Starting log parsing
[ 2026-04-27 16:17:33,665 ] 29 root - INFO - Log parsing completed successfully
[ 2026-04-27 16:17:33,665 ] 17 root - INFO - Starting data transformation
[ 2026-04-27 16:17:33,813 ] 41 root - INFO - Data transformation completed successfully
[ 2026-04-27 16:20:01,651 ] 14 root - INFO - Computing log level distribution
[ 2026-04-27 16:20:02,023 ] 25 root - INFO - Computing top components by log volume
[ 2026-04-27 16:20:02,075 ] 36 root - INFO - Computing components generating WARN logs
[ 2026-04-27 16:20:02,170 ] 49 root - INFO - Performing hourly log analysis
[ 2026-04-27 16:20:02,269 ] 101 root - INFO - Computing failure risk based on WARN thresholds
[ 2026-04-27 16:20:02,491 ] 121 root - INFO - Classifying component risk levels
[ 2026-04-27 16:20:02,653 ] 32 root - INFO - Preparing window-based features
[ 2026-04-27 16:20:18,594 ] 44 root - INFO - Prepared 39 feature rows
[ 2026-04-27 16:20:18,597 ] 60 root - INFO - Train size: 27, Test size: 12
[ 2026-04-27 16:20:18,597 ] 72 root - INFO - Training Isolation Forest
[ 2026-04-27 16:20:19,449 ] 87 root - INFO - Model trained successfully
[ 2026-04-27 16:20:19,450 ] 97 root - INFO - Predicting anomalies on test data
[ 2026-04-27 16:20:19,501 ] 125 root - INFO - Evaluating model
[ 2026-04-27 16:20:19,519 ] 151 root - INFO - Visualizing anomalies with scores
[ 2026-04-27 16:20:19,640 ] 197 root - INFO - Explaining anomalies
[ 2026-04-27 16:20:19,684 ] 234 root - INFO - Visualizing feature contribution
[ 2026-04-27 16:20:19,808 ] 543 py4j.clientserver - INFO - Closing down clientserver connection
