[ 2026-04-28 15:14:33,114 ] 19 root - INFO - Pipeline started
[ 2026-04-28 15:14:33,114 ] 14 root - INFO - Starting Spark Session
[ 2026-04-28 15:14:39,189 ] 25 root - INFO - Spark Session started successfully
[ 2026-04-28 15:14:39,189 ] 37 root - INFO - Loading data from path: C:\Users\Priyanshu\Desktop\Main\ML\Distributed-Log-Analysis\data\raw\HDFS.log
[ 2026-04-28 15:14:41,512 ] 41 root - INFO - Data loaded successfully
[ 2026-04-28 15:14:41,512 ] 18 root - INFO - Starting log parsing
[ 2026-04-28 15:14:41,696 ] 29 root - INFO - Log parsing completed successfully
[ 2026-04-28 15:14:41,696 ] 17 root - INFO - Starting data transformation
[ 2026-04-28 15:14:41,941 ] 45 root - INFO - Data transformation completed successfully
[ 2026-04-28 15:14:41,941 ] 15 root - INFO - Computing log level distribution
[ 2026-04-28 15:14:42,109 ] 26 root - INFO - Computing top components by log volume
[ 2026-04-28 15:14:42,134 ] 37 root - INFO - Computing components generating WARN logs
[ 2026-04-28 15:14:42,170 ] 50 root - INFO - Performing hourly log analysis
[ 2026-04-28 15:14:42,223 ] 102 root - INFO - Computing failure risk based on WARN thresholds
[ 2026-04-28 15:14:42,333 ] 122 root - INFO - Classifying component risk levels
[ 2026-04-28 15:14:42,398 ] 35 root - INFO - Preparing window-based features
[ 2026-04-28 15:17:11,443 ] 47 root - INFO - Prepared 2322 feature rows
[ 2026-04-28 15:17:11,457 ] 63 root - INFO - Train size: 1625, Test size: 697
[ 2026-04-28 15:17:11,457 ] 75 root - INFO - Training Isolation Forest
[ 2026-04-28 15:17:11,951 ] 90 root - INFO - Model trained successfully
[ 2026-04-28 15:17:11,952 ] 100 root - INFO - Predicting anomalies on test data
[ 2026-04-28 15:17:11,973 ] 133 root - INFO - Evaluating model
[ 2026-04-28 15:17:11,973 ] 159 root - INFO - Visualizing anomalies with scores
[ 2026-04-28 15:17:12,504 ] 209 root - INFO - Explaining anomalies
[ 2026-04-28 15:17:12,561 ] 246 root - INFO - Visualizing feature contribution
[ 2026-04-28 15:21:47,083 ] 26 root - INFO - Computing top components by log volume
[ 2026-04-28 15:25:52,326 ] 37 root - INFO - Computing components generating WARN logs
[ 2026-04-28 15:28:53,429 ] 543 py4j.clientserver - INFO - Closing down clientserver connection
