[ 2026-04-28 03:46:15,703 ] 19 root - INFO - Pipeline started
[ 2026-04-28 03:46:15,703 ] 14 root - INFO - Starting Spark Session
[ 2026-04-28 03:46:27,154 ] 25 root - INFO - Spark Session started successfully
[ 2026-04-28 03:46:27,155 ] 37 root - INFO - Loading data from path: C:\Users\Priyanshu\Desktop\Main\ML\Distributed-Log-Analysis\data\raw\HDFS.log
[ 2026-04-28 03:46:33,030 ] 41 root - INFO - Data loaded successfully
[ 2026-04-28 03:46:33,030 ] 18 root - INFO - Starting log parsing
[ 2026-04-28 03:46:33,450 ] 29 root - INFO - Log parsing completed successfully
[ 2026-04-28 03:46:33,450 ] 17 root - INFO - Starting data transformation
[ 2026-04-28 03:46:33,818 ] 45 root - INFO - Data transformation completed successfully
[ 2026-04-28 03:46:33,819 ] 15 root - INFO - Computing log level distribution
[ 2026-04-28 03:46:33,965 ] 26 root - INFO - Computing top components by log volume
[ 2026-04-28 03:46:34,032 ] 37 root - INFO - Computing components generating WARN logs
[ 2026-04-28 03:46:34,119 ] 50 root - INFO - Performing hourly log analysis
[ 2026-04-28 03:46:34,222 ] 102 root - INFO - Computing failure risk based on WARN thresholds
[ 2026-04-28 03:46:34,387 ] 122 root - INFO - Classifying component risk levels
[ 2026-04-28 03:46:34,486 ] 35 root - INFO - Preparing window-based features
[ 2026-04-28 03:55:53,043 ] 47 root - INFO - Prepared 39 feature rows
[ 2026-04-28 03:55:53,109 ] 63 root - INFO - Train size: 27, Test size: 12
[ 2026-04-28 03:55:53,109 ] 75 root - INFO - Training Isolation Forest
[ 2026-04-28 03:55:53,913 ] 90 root - INFO - Model trained successfully
[ 2026-04-28 03:55:53,916 ] 100 root - INFO - Predicting anomalies on test data
[ 2026-04-28 03:55:53,956 ] 133 root - INFO - Evaluating model
[ 2026-04-28 03:55:53,973 ] 159 root - INFO - Visualizing anomalies with scores
[ 2026-04-28 03:55:59,371 ] 209 root - INFO - Explaining anomalies
[ 2026-04-28 03:55:59,626 ] 246 root - INFO - Visualizing feature contribution
[ 2026-04-28 04:05:38,714 ] 26 root - INFO - Computing top components by log volume
